// Jest Snapshot v1, https://goo.gl/fbAQLP

exports[`repeatable container should create 3 repeatable components 1`] = `
<div>
  <Repeatable
    addListItem={[Function]}
    form={
      Object {
        "addErrors": [MockFunction],
        "clearErrors": [MockFunction],
        "clearForm": [MockFunction],
        "disable": [MockFunction],
        "disableField": [MockFunction],
        "disableFields": [MockFunction],
        "enable": [MockFunction],
        "enableField": [MockFunction],
        "enableFields": [MockFunction],
        "getFormId": [MockFunction],
        "lockSubmission": [MockFunction],
        "regField": [MockFunction],
        "setDefaultValue": [MockFunction],
        "setDefaultValues": [MockFunction],
        "setErrors": [MockFunction],
        "setValue": [MockFunction],
        "setValues": [MockFunction],
        "submit": [MockFunction],
        "unlockSubmission": [MockFunction],
        "unregField": [MockFunction],
        "validateAll": [MockFunction],
      }
    }
    index={0}
    init={[MockFunction]}
    length={3}
    minLength={0}
    name={[Function]}
    removeListItem={[Function]}
    reorderListItem={[Function]}
    reorderListItemDec={[Function]}
    reorderListItemInc={[Function]}
    totalItem={3}
  />
  <Repeatable
    addListItem={[Function]}
    form={
      Object {
        "addErrors": [MockFunction],
        "clearErrors": [MockFunction],
        "clearForm": [MockFunction],
        "disable": [MockFunction],
        "disableField": [MockFunction],
        "disableFields": [MockFunction],
        "enable": [MockFunction],
        "enableField": [MockFunction],
        "enableFields": [MockFunction],
        "getFormId": [MockFunction],
        "lockSubmission": [MockFunction],
        "regField": [MockFunction],
        "setDefaultValue": [MockFunction],
        "setDefaultValues": [MockFunction],
        "setErrors": [MockFunction],
        "setValue": [MockFunction],
        "setValues": [MockFunction],
        "submit": [MockFunction],
        "unlockSubmission": [MockFunction],
        "unregField": [MockFunction],
        "validateAll": [MockFunction],
      }
    }
    index={1}
    init={[MockFunction]}
    length={3}
    minLength={0}
    name={[Function]}
    removeListItem={[Function]}
    reorderListItem={[Function]}
    reorderListItemDec={[Function]}
    reorderListItemInc={[Function]}
    totalItem={3}
  />
  <Repeatable
    addListItem={[Function]}
    form={
      Object {
        "addErrors": [MockFunction],
        "clearErrors": [MockFunction],
        "clearForm": [MockFunction],
        "disable": [MockFunction],
        "disableField": [MockFunction],
        "disableFields": [MockFunction],
        "enable": [MockFunction],
        "enableField": [MockFunction],
        "enableFields": [MockFunction],
        "getFormId": [MockFunction],
        "lockSubmission": [MockFunction],
        "regField": [MockFunction],
        "setDefaultValue": [MockFunction],
        "setDefaultValues": [MockFunction],
        "setErrors": [MockFunction],
        "setValue": [MockFunction],
        "setValues": [MockFunction],
        "submit": [MockFunction],
        "unlockSubmission": [MockFunction],
        "unregField": [MockFunction],
        "validateAll": [MockFunction],
      }
    }
    index={2}
    init={[MockFunction]}
    length={3}
    minLength={0}
    name={[Function]}
    removeListItem={[Function]}
    reorderListItem={[Function]}
    reorderListItemDec={[Function]}
    reorderListItemInc={[Function]}
    totalItem={3}
  />
</div>
`;
